<html>
<body>
<pre>
<h1>µVision Build Log</h1>
<h2>Project:</h2>
E:\v25he2a7\ARM_v25he2a7\Mini_Project\mini.uvproj
Project File Date:  12/02/2025

<h2>Output:</h2>
Build target 'Target 1'
assembling Startup.s...
compiling lcd.c...
compiling kpm.c...
kpm.c(140): warning:  #1-D: last line of file ends without a newline
kpm.c:                                   
kpm.c:                                   ^
kpm.c: kpm.c: 1 warning, 0 errors
compiling delay.c...
compiling arduino.c...
compiling rtc.c...
compiling exint.c...
compiling pin_connect_block.c...
compiling edit.c...
edit.c(347): warning:  #1-D: last line of file ends without a newline
edit.c:         
edit.c:         ^
edit.c: edit.c: 1 warning, 0 errors
compiling main_do_while.c...
linking...
Program Size: Code=9488 RO-data=32 RW-data=156 ZI-data=1260  
FromELF: creating hex file...
"mini_pro.axf" - 0 Error(s), 2 Warning(s).
Build target 'Target 1'
assembling Startup.s...
compiling lcd.c...
compiling kpm.c...
kpm.c(140): warning:  #1-D: last line of file ends without a newline
kpm.c:                                   
kpm.c:                                   ^
kpm.c: kpm.c: 1 warning, 0 errors
compiling delay.c...
compiling arduino.c...
compiling rtc.c...
compiling exint.c...
compiling pin_connect_block.c...
compiling edit.c...
edit.c(347): warning:  #1-D: last line of file ends without a newline
edit.c:         
edit.c:         ^
edit.c: edit.c: 1 warning, 0 errors
compiling main_do_while.c...
linking...
Program Size: Code=9488 RO-data=32 RW-data=156 ZI-data=1260  
FromELF: creating hex file...
"mini_pro.axf" - 0 Error(s), 2 Warning(s).
Build target 'Target 1'
assembling Startup.s...
compiling lcd.c...
lcd.c(29): error:  #20: identifier "IODIR0" is undefined
lcd.c:          IODIR0|=255<<LCD_DATA|1<<LCD_RS|1<<LCD_RW|1<<LCD_EN;
lcd.c:          ^
lcd.c: lcd.c: 0 warnings, 1 error
compiling kpm.c...
kpm.c(140): warning:  #1-D: last line of file ends without a newline
kpm.c:                                   
kpm.c:                                   ^
kpm.c: kpm.c: 1 warning, 0 errors
compiling delay.c...
compiling arduino.c...
compiling rtc.c...
compiling exint.c...
compiling pin_connect_block.c...
compiling edit.c...
edit.c(347): warning:  #1-D: last line of file ends without a newline
edit.c:         
edit.c:         ^
edit.c: edit.c: 1 warning, 0 errors
compiling main_do_while.c...
Target not created
Build target 'Target 1'
assembling Startup.s...
compiling lcd.c...
compiling kpm.c...
kpm.c(140): warning:  #1-D: last line of file ends without a newline
kpm.c:                                   
kpm.c:                                   ^
kpm.c: kpm.c: 1 warning, 0 errors
compiling delay.c...
compiling arduino.c...
compiling rtc.c...
compiling exint.c...
compiling pin_connect_block.c...
compiling edit.c...
edit.c(347): warning:  #1-D: last line of file ends without a newline
edit.c:         
edit.c:         ^
edit.c: edit.c: 1 warning, 0 errors
compiling main_do_while.c...
linking...
Program Size: Code=9500 RO-data=32 RW-data=156 ZI-data=1260  
FromELF: creating hex file...
"mini_pro.axf" - 0 Error(s), 2 Warning(s).
Build target 'Target 1'
assembling Startup.s...
compiling lcd.c...
compiling kpm.c...
kpm.c(140): warning:  #1-D: last line of file ends without a newline
kpm.c:                                   
kpm.c:                                   ^
kpm.c: kpm.c: 1 warning, 0 errors
compiling delay.c...
compiling arduino.c...
compiling rtc.c...
compiling exint.c...
compiling pin_connect_block.c...
compiling edit.c...
edit.c(347): warning:  #1-D: last line of file ends without a newline
edit.c:         
edit.c:         ^
edit.c: edit.c: 1 warning, 0 errors
compiling main_do_while.c...
linking...
Program Size: Code=9516 RO-data=32 RW-data=156 ZI-data=1260  
FromELF: creating hex file...
"mini_pro.axf" - 0 Error(s), 2 Warning(s).
Build target 'Target 1'
assembling Startup.s...
compiling lcd.c...
compiling kpm.c...
kpm.c(140): warning:  #1-D: last line of file ends without a newline
kpm.c:                                   
kpm.c:                                   ^
kpm.c: kpm.c: 1 warning, 0 errors
compiling delay.c...
compiling arduino.c...
compiling rtc.c...
compiling exint.c...
compiling pin_connect_block.c...
compiling edit.c...
edit.c(347): warning:  #1-D: last line of file ends without a newline
edit.c:         
edit.c:         ^
edit.c: edit.c: 1 warning, 0 errors
compiling main_do_while.c...
main_do_while.c(16): warning:  #177-D: variable "i" was declared but never referenced
main_do_while.c:        u32 i;
main_do_while.c:            ^
main_do_while.c: main_do_while.c: 1 warning, 0 errors
linking...
Program Size: Code=4400 RO-data=16 RW-data=0 ZI-data=1256  
FromELF: creating hex file...
"mini_pro.axf" - 0 Error(s), 3 Warning(s).
Build target 'Target 1'
assembling Startup.s...
compiling lcd.c...
compiling kpm.c...
kpm.c(140): warning:  #1-D: last line of file ends without a newline
kpm.c:                                   
kpm.c:                                   ^
kpm.c: kpm.c: 1 warning, 0 errors
compiling delay.c...
compiling arduino.c...
compiling rtc.c...
compiling exint.c...
compiling pin_connect_block.c...
compiling edit.c...
edit.c(347): warning:  #1-D: last line of file ends without a newline
edit.c:         
edit.c:         ^
edit.c: edit.c: 1 warning, 0 errors
compiling main_do_while.c...
linking...
Program Size: Code=9504 RO-data=32 RW-data=156 ZI-data=1260  
FromELF: creating hex file...
"mini_pro.axf" - 0 Error(s), 2 Warning(s).
Build target 'Target 1'
assembling Startup.s...
compiling lcd.c...
compiling kpm.c...
kpm.c(140): warning:  #1-D: last line of file ends without a newline
kpm.c:                                   
kpm.c:                                   ^
kpm.c: kpm.c: 1 warning, 0 errors
compiling delay.c...
compiling arduino.c...
compiling rtc.c...
compiling exint.c...
compiling pin_connect_block.c...
compiling edit.c...
edit.c(347): warning:  #1-D: last line of file ends without a newline
edit.c:         
edit.c:         ^
edit.c: edit.c: 1 warning, 0 errors
compiling main_do_while.c...
linking...
Program Size: Code=9504 RO-data=32 RW-data=156 ZI-data=1260  
FromELF: creating hex file...
"mini_pro.axf" - 0 Error(s), 2 Warning(s).
Build target 'Target 1'
assembling Startup.s...
compiling lcd.c...
compiling kpm.c...
kpm.c(140): warning:  #1-D: last line of file ends without a newline
kpm.c:                                   
kpm.c:                                   ^
kpm.c: kpm.c: 1 warning, 0 errors
compiling delay.c...
compiling arduino.c...
compiling rtc.c...
compiling exint.c...
compiling pin_connect_block.c...
compiling edit.c...
edit.c(347): warning:  #1-D: last line of file ends without a newline
edit.c:         
edit.c:         ^
edit.c: edit.c: 1 warning, 0 errors
compiling main_do_while.c...
linking...
Program Size: Code=9504 RO-data=32 RW-data=156 ZI-data=1260  
FromELF: creating hex file...
"mini_pro.axf" - 0 Error(s), 2 Warning(s).
Build target 'Target 1'
assembling Startup.s...
compiling lcd.c...
compiling kpm.c...
kpm.c(140): warning:  #1-D: last line of file ends without a newline
kpm.c:                                   
kpm.c:                                   ^
kpm.c: kpm.c: 1 warning, 0 errors
compiling delay.c...
compiling arduino.c...
compiling rtc.c...
compiling exint.c...
compiling pin_connect_block.c...
compiling edit.c...
edit.c(347): warning:  #1-D: last line of file ends without a newline
edit.c:         
edit.c:         ^
edit.c: edit.c: 1 warning, 0 errors
compiling main_do_while.c...
linking...
Program Size: Code=9504 RO-data=32 RW-data=156 ZI-data=1260  
FromELF: creating hex file...
"mini_pro.axf" - 0 Error(s), 2 Warning(s).
Build target 'Target 1'
assembling Startup.s...
compiling lcd.c...
compiling kpm.c...
kpm.c(140): warning:  #1-D: last line of file ends without a newline
kpm.c:                                   
kpm.c:                                   ^
kpm.c: kpm.c: 1 warning, 0 errors
compiling delay.c...
compiling arduino.c...
compiling rtc.c...
compiling exint.c...
compiling pin_connect_block.c...
compiling edit.c...
edit.c(347): warning:  #1-D: last line of file ends without a newline
edit.c:         
edit.c:         ^
edit.c: edit.c: 1 warning, 0 errors
compiling main_do_while.c...
linking...
Program Size: Code=9504 RO-data=32 RW-data=156 ZI-data=1260  
FromELF: creating hex file...
"mini_pro1.axf" - 0 Error(s), 2 Warning(s).
Build target 'Target 1'
assembling Startup.s...
compiling lcd.c...
compiling kpm.c...
kpm.c(140): warning:  #1-D: last line of file ends without a newline
kpm.c:                                   
kpm.c:                                   ^
kpm.c: kpm.c: 1 warning, 0 errors
compiling delay.c...
compiling arduino.c...
compiling rtc.c...
compiling exint.c...
compiling pin_connect_block.c...
compiling edit.c...
edit.c(347): warning:  #1-D: last line of file ends without a newline
edit.c:         
edit.c:         ^
edit.c: edit.c: 1 warning, 0 errors
compiling main_do_while.c...
linking...
Program Size: Code=9448 RO-data=32 RW-data=156 ZI-data=1260  
FromELF: creating hex file...
"mini_pro1.axf" - 0 Error(s), 2 Warning(s).
Build target 'Target 1'
assembling Startup.s...
compiling lcd.c...
compiling kpm.c...
kpm.c(140): warning:  #1-D: last line of file ends without a newline
kpm.c:                                   
kpm.c:                                   ^
kpm.c: kpm.c: 1 warning, 0 errors
compiling delay.c...
compiling arduino.c...
compiling rtc.c...
compiling exint.c...
compiling pin_connect_block.c...
compiling edit.c...
edit.c(347): warning:  #1-D: last line of file ends without a newline
edit.c:         
edit.c:         ^
edit.c: edit.c: 1 warning, 0 errors
compiling main_do_while.c...
linking...
Program Size: Code=9512 RO-data=32 RW-data=156 ZI-data=1260  
FromELF: creating hex file...
"mini_pro1.axf" - 0 Error(s), 2 Warning(s).
Build target 'Target 1'
assembling Startup.s...
compiling lcd.c...
compiling kpm.c...
kpm.c(140): warning:  #1-D: last line of file ends without a newline
kpm.c:                                   
kpm.c:                                   ^
kpm.c: kpm.c: 1 warning, 0 errors
compiling delay.c...
compiling arduino.c...
compiling rtc.c...
compiling exint.c...
compiling pin_connect_block.c...
compiling edit.c...
edit.c(347): warning:  #1-D: last line of file ends without a newline
edit.c:         
edit.c:         ^
edit.c: edit.c: 1 warning, 0 errors
compiling main_do_while.c...
linking...
Program Size: Code=9456 RO-data=32 RW-data=156 ZI-data=1260  
FromELF: creating hex file...
"mini_pro1.axf" - 0 Error(s), 2 Warning(s).
Build target 'Target 1'
assembling Startup.s...
compiling lcd.c...
compiling kpm.c...
kpm.c(140): warning:  #1-D: last line of file ends without a newline
kpm.c:                                   
kpm.c:                                   ^
kpm.c: kpm.c: 1 warning, 0 errors
compiling delay.c...
compiling arduino.c...
compiling rtc.c...
compiling exint.c...
compiling pin_connect_block.c...
compiling edit.c...
edit.c(347): warning:  #1-D: last line of file ends without a newline
edit.c:         
edit.c:         ^
edit.c: edit.c: 1 warning, 0 errors
compiling main_do_while.c...
linking...
Program Size: Code=9448 RO-data=32 RW-data=156 ZI-data=1260  
FromELF: creating hex file...
"mini_pro1.axf" - 0 Error(s), 2 Warning(s).
Build target 'Target 1'
assembling Startup.s...
compiling lcd.c...
compiling kpm.c...
kpm.c(140): warning:  #1-D: last line of file ends without a newline
kpm.c:                                   
kpm.c:                                   ^
kpm.c: kpm.c: 1 warning, 0 errors
compiling delay.c...
compiling arduino.c...
compiling rtc.c...
compiling exint.c...
compiling pin_connect_block.c...
compiling edit.c...
edit.c(347): warning:  #1-D: last line of file ends without a newline
edit.c:         
edit.c:         ^
edit.c: edit.c: 1 warning, 0 errors
compiling main_do_while.c...
linking...
Program Size: Code=9420 RO-data=32 RW-data=156 ZI-data=1260  
FromELF: creating hex file...
"mini_pro1.axf" - 0 Error(s), 2 Warning(s).
Build target 'Target 1'
assembling Startup.s...
compiling lcd.c...
compiling kpm.c...
kpm.c(140): warning:  #1-D: last line of file ends without a newline
kpm.c:                                   
kpm.c:                                   ^
kpm.c: kpm.c: 1 warning, 0 errors
compiling delay.c...
compiling arduino.c...
compiling rtc.c...
compiling exint.c...
compiling pin_connect_block.c...
compiling edit.c...
edit.c(348): warning:  #1-D: last line of file ends without a newline
edit.c:         
edit.c:         ^
edit.c: edit.c: 1 warning, 0 errors
compiling main_do_while.c...
linking...
Program Size: Code=9428 RO-data=32 RW-data=156 ZI-data=1260  
FromELF: creating hex file...
"mini_pro1.axf" - 0 Error(s), 2 Warning(s).
Build target 'Target 1'
assembling Startup.s...
compiling lcd.c...
compiling kpm.c...
kpm.c(140): warning:  #1-D: last line of file ends without a newline
kpm.c:                                   
kpm.c:                                   ^
kpm.c: kpm.c: 1 warning, 0 errors
compiling delay.c...
compiling arduino.c...
compiling rtc.c...
compiling exint.c...
compiling pin_connect_block.c...
compiling edit.c...
edit.c(348): warning:  #1-D: last line of file ends without a newline
edit.c:         
edit.c:         ^
edit.c: edit.c: 1 warning, 0 errors
compiling main_do_while.c...
linking...
Program Size: Code=9428 RO-data=32 RW-data=156 ZI-data=1260  
FromELF: creating hex file...
"mini_pro1.axf" - 0 Error(s), 2 Warning(s).
Build target 'Target 1'
assembling Startup.s...
compiling lcd.c...
compiling kpm.c...
kpm.c(142): warning:  #1-D: last line of file ends without a newline
kpm.c:                                   
kpm.c:                                   ^
kpm.c: kpm.c: 1 warning, 0 errors
compiling delay.c...
compiling arduino.c...
compiling rtc.c...
compiling exint.c...
compiling pin_connect_block.c...
compiling edit.c...
edit.c(348): warning:  #1-D: last line of file ends without a newline
edit.c:         
edit.c:         ^
edit.c: edit.c: 1 warning, 0 errors
compiling main_do_while.c...
linking...
Program Size: Code=9444 RO-data=32 RW-data=156 ZI-data=1260  
FromELF: creating hex file...
"mini_pro1.axf" - 0 Error(s), 2 Warning(s).
Build target 'Target 1'
assembling Startup.s...
compiling lcd.c...
compiling kpm.c...
kpm.c(142): warning:  #1-D: last line of file ends without a newline
kpm.c:                                   
kpm.c:                                   ^
kpm.c: kpm.c: 1 warning, 0 errors
compiling delay.c...
compiling arduino.c...
compiling rtc.c...
compiling exint.c...
compiling pin_connect_block.c...
compiling edit.c...
edit.c(350): warning:  #1-D: last line of file ends without a newline
edit.c:         
edit.c:         ^
edit.c: edit.c: 1 warning, 0 errors
compiling main_do_while.c...
linking...
Program Size: Code=9460 RO-data=32 RW-data=156 ZI-data=1260  
FromELF: creating hex file...
"mini_pro1.axf" - 0 Error(s), 2 Warning(s).
Build target 'Target 1'
assembling Startup.s...
compiling lcd.c...
compiling kpm.c...
kpm.c(142): warning:  #1-D: last line of file ends without a newline
kpm.c:                                   
kpm.c:                                   ^
kpm.c: kpm.c: 1 warning, 0 errors
compiling delay.c...
compiling arduino.c...
compiling rtc.c...
compiling exint.c...
compiling pin_connect_block.c...
compiling edit.c...
edit.c(352): warning:  #1-D: last line of file ends without a newline
edit.c:         
edit.c:         ^
edit.c: edit.c: 1 warning, 0 errors
compiling main_do_while.c...
linking...
Program Size: Code=9476 RO-data=32 RW-data=156 ZI-data=1260  
FromELF: creating hex file...
"mini_pro1.axf" - 0 Error(s), 2 Warning(s).
Build target 'Target 1'
assembling Startup.s...
compiling lcd.c...
compiling kpm.c...
kpm.c(142): warning:  #1-D: last line of file ends without a newline
kpm.c:                                   
kpm.c:                                   ^
kpm.c: kpm.c: 1 warning, 0 errors
compiling delay.c...
compiling arduino.c...
compiling rtc.c...
compiling exint.c...
compiling pin_connect_block.c...
compiling edit.c...
edit.c(101): warning:  #223-D: function "exit" declared implicitly
edit.c:                                exit(0);
edit.c:                                ^
edit.c(352): warning:  #1-D: last line of file ends without a newline
edit.c:         
edit.c:         ^
edit.c: edit.c: 2 warnings, 0 errors
compiling main_do_while.c...
linking...
Program Size: Code=9484 RO-data=32 RW-data=156 ZI-data=1260  
FromELF: creating hex file...
"mini_pro1.axf" - 0 Error(s), 3 Warning(s).
Build target 'Target 1'
assembling Startup.s...
compiling lcd.c...
compiling kpm.c...
kpm.c(142): warning:  #1-D: last line of file ends without a newline
kpm.c:                                   
kpm.c:                                   ^
kpm.c: kpm.c: 1 warning, 0 errors
compiling delay.c...
compiling arduino.c...
compiling rtc.c...
compiling exint.c...
compiling pin_connect_block.c...
compiling edit.c...
edit.c(352): warning:  #1-D: last line of file ends without a newline
edit.c:         
edit.c:         ^
edit.c: edit.c: 1 warning, 0 errors
compiling main_do_while.c...
linking...
Program Size: Code=9500 RO-data=32 RW-data=156 ZI-data=1260  
FromELF: creating hex file...
"mini_pro1.axf" - 0 Error(s), 2 Warning(s).
